2026-08-14 17:08:10 | INFO    | [hanoi] extracting...
2026-08-14 17:08:11 | INFO    | Saved: C:\AirQualityDataPJ\airquality-etl\data\raw\2026-08-10\hanoi_air_quality.json
2026-08-14 17:08:15 | INFO    | Saved: C:\AirQualityDataPJ\airquality-etl\data\raw\2026-08-10\hanoi_weather.json
2026-08-14 17:08:15 | INFO    | [hanoi] transforming...
2026-08-14 17:08:15 | INFO    | [hanoi] loading...
2026-08-14 17:08:15 | INFO    | Upserted 24 rows.
2026-08-14 17:08:15 | INFO    | [haiphong] extracting...
2026-08-14 17:08:16 | INFO    | Saved: C:\AirQualityDataPJ\airquality-etl\data\raw\2026-08-10\haiphong_air_quality.json
2026-08-14 17:08:17 | INFO    | Saved: C:\AirQualityDataPJ\airquality-etl\data\raw\2026-08-10\haiphong_weather.json
2026-08-14 17:08:17 | INFO    | [haiphong] transforming...
2026-08-14 17:08:17 | INFO    | [haiphong] loading...
2026-08-14 17:08:17 | INFO    | Upserted 24 rows.
2026-08-14 17:08:17 | INFO    | [danang] extracting...
2026-08-14 17:08:18 | INFO    | Saved: C:\AirQualityDataPJ\airquality-etl\data\raw\2026-08-10\danang_air_quality.json
2026-08-14 17:08:19 | INFO    | Saved: C:\AirQualityDataPJ\airquality-etl\data\raw\2026-08-10\danang_weather.json
2026-08-14 17:08:19 | INFO    | [danang] transforming...
2026-08-14 17:08:19 | INFO    | [danang] loading...
2026-08-14 17:08:19 | INFO    | Upserted 24 rows.
2026-08-14 17:08:19 | INFO    | [hcmc] extracting...
2026-08-14 17:08:20 | INFO    | Saved: C:\AirQualityDataPJ\airquality-etl\data\raw\2026-08-10\hcmc_air_quality.json
2026-08-14 17:08:20 | INFO    | Saved: C:\AirQualityDataPJ\airquality-etl\data\raw\2026-08-10\hcmc_weather.json
2026-08-14 17:08:20 | INFO    | [hcmc] transforming...
2026-08-14 17:08:21 | INFO    | [hcmc] loading...
2026-08-14 17:08:21 | INFO    | Upserted 24 rows.
2026-08-14 17:08:21 | INFO    | [cantho] extracting...
2026-08-14 17:08:21 | INFO    | Saved: C:\AirQualityDataPJ\airquality-etl\data\raw\2026-08-10\cantho_air_quality.json
2026-08-14 17:08:22 | INFO    | Saved: C:\AirQualityDataPJ\airquality-etl\data\raw\2026-08-10\cantho_weather.json
2026-08-14 17:08:22 | INFO    | [cantho] transforming...
2026-08-14 17:08:22 | INFO    | [cantho] loading...
2026-08-14 17:08:22 | INFO    | Upserted 24 rows.
2026-08-14 17:08:22 | INFO    | [dalat] extracting...
2026-08-14 17:08:23 | INFO    | Saved: C:\AirQualityDataPJ\airquality-etl\data\raw\2026-08-10\dalat_air_quality.json
2026-08-14 17:08:26 | INFO    | Saved: C:\AirQualityDataPJ\airquality-etl\data\raw\2026-08-10\dalat_weather.json
2026-08-14 17:08:26 | INFO    | [dalat] transforming...
2026-08-14 17:08:26 | INFO    | [dalat] loading...
2026-08-14 17:08:26 | INFO    | Upserted 24 rows.
2026-08-14 17:08:26 | INFO    | Aggregating daily layer...
2026-08-14 17:08:26 | INFO    |   Aggregated 6 daily rows for 2026-08-10
2026-08-14 17:08:26 | INFO    |   Aggregated 6 daily rows for 2026-08-11
2026-08-14 17:08:26 | INFO    | Done: 2026-08-10
2026-08-14 20:42:57 | WARNING |   VALIDATION: 1 giá trị âm ở pm2_5 -> NULL
2026-08-14 20:42:57 | WARNING |   VALIDATION WARNING: 1 dòng PM2.5 > 1000 (giữ lại)
2026-08-14 20:42:57 | ERROR   |   VALIDATION ERROR: 1 dòng PM2.5 > PM10 (giữ lại)
2026-08-14 20:42:57 | WARNING |   VALIDATION: loại 1 dòng thiếu khóa
2026-08-14 20:50:22 | INFO    | [hanoi] extracting...
2026-08-14 20:50:22 | INFO    | Saved: C:\AirQualityDataPJ\airquality-etl\data\raw\2026-08-13\hanoi_air_quality.json
2026-08-14 20:50:23 | INFO    | Saved: C:\AirQualityDataPJ\airquality-etl\data\raw\2026-08-13\hanoi_weather.json
2026-08-14 20:50:23 | INFO    | [hanoi] transforming...
2026-08-14 20:50:23 | INFO    | [hanoi] loading...
2026-08-14 20:50:23 | INFO    | Upserted 24 rows.
2026-08-14 20:50:23 | INFO    | [haiphong] extracting...
2026-08-14 20:50:24 | INFO    | Saved: C:\AirQualityDataPJ\airquality-etl\data\raw\2026-08-13\haiphong_air_quality.json
2026-08-14 20:50:25 | INFO    | Saved: C:\AirQualityDataPJ\airquality-etl\data\raw\2026-08-13\haiphong_weather.json
2026-08-14 20:50:25 | INFO    | [haiphong] transforming...
2026-08-14 20:50:25 | INFO    | [haiphong] loading...
2026-08-14 20:50:25 | INFO    | Upserted 24 rows.
2026-08-14 20:50:25 | INFO    | [danang] extracting...
2026-08-14 20:50:26 | INFO    | Saved: C:\AirQualityDataPJ\airquality-etl\data\raw\2026-08-13\danang_air_quality.json
2026-08-14 20:50:27 | INFO    | Saved: C:\AirQualityDataPJ\airquality-etl\data\raw\2026-08-13\danang_weather.json
2026-08-14 20:50:27 | INFO    | [danang] transforming...
2026-08-14 20:50:27 | INFO    | [danang] loading...
2026-08-14 20:50:27 | INFO    | Upserted 24 rows.
2026-08-14 20:50:27 | INFO    | [hcmc] extracting...
2026-08-14 20:50:27 | INFO    | Saved: C:\AirQualityDataPJ\airquality-etl\data\raw\2026-08-13\hcmc_air_quality.json
2026-08-14 20:50:28 | INFO    | Saved: C:\AirQualityDataPJ\airquality-etl\data\raw\2026-08-13\hcmc_weather.json
2026-08-14 20:50:28 | INFO    | [hcmc] transforming...
2026-08-14 20:50:28 | INFO    | [hcmc] loading...
2026-08-14 20:50:28 | INFO    | Upserted 24 rows.
2026-08-14 20:50:28 | INFO    | [cantho] extracting...
2026-08-14 20:50:29 | INFO    | Saved: C:\AirQualityDataPJ\airquality-etl\data\raw\2026-08-13\cantho_air_quality.json
2026-08-14 20:50:30 | INFO    | Saved: C:\AirQualityDataPJ\airquality-etl\data\raw\2026-08-13\cantho_weather.json
2026-08-14 20:50:30 | INFO    | [cantho] transforming...
2026-08-14 20:50:30 | INFO    | [cantho] loading...
2026-08-14 20:50:30 | INFO    | Upserted 24 rows.
2026-08-14 20:50:30 | INFO    | [dalat] extracting...
2026-08-14 20:50:31 | INFO    | Saved: C:\AirQualityDataPJ\airquality-etl\data\raw\2026-08-13\dalat_air_quality.json
2026-08-14 20:50:34 | INFO    | Saved: C:\AirQualityDataPJ\airquality-etl\data\raw\2026-08-13\dalat_weather.json
2026-08-14 20:50:34 | INFO    | [dalat] transforming...
2026-08-14 20:50:34 | INFO    | [dalat] loading...
2026-08-14 20:50:34 | INFO    | Upserted 24 rows.
2026-08-14 20:50:34 | INFO    | Aggregating daily layer...
2026-08-14 20:50:34 | INFO    |   Aggregated 6 daily rows for 2026-08-13
2026-08-14 20:50:34 | INFO    |   Aggregated 6 daily rows for 2026-08-14
2026-08-14 20:50:34 | INFO    | Done: 2026-08-13
2026-08-14 20:51:57 | INFO    | === Running 2026-08-11 ===
2026-08-14 20:51:57 | INFO    | [hanoi] extracting...
2026-08-14 20:51:57 | INFO    | Saved: C:\AirQualityDataPJ\airquality-etl\data\raw\2026-08-11\hanoi_air_quality.json
2026-08-14 20:51:58 | INFO    | Saved: C:\AirQualityDataPJ\airquality-etl\data\raw\2026-08-11\hanoi_weather.json
2026-08-14 20:51:58 | INFO    | [hanoi] transforming...
2026-08-14 20:51:58 | INFO    | [hanoi] loading...
2026-08-14 20:51:58 | INFO    | Upserted 24 rows.
2026-08-14 20:51:58 | INFO    | [haiphong] extracting...
2026-08-14 20:51:59 | INFO    | Saved: C:\AirQualityDataPJ\airquality-etl\data\raw\2026-08-11\haiphong_air_quality.json
2026-08-14 20:52:00 | INFO    | Saved: C:\AirQualityDataPJ\airquality-etl\data\raw\2026-08-11\haiphong_weather.json
2026-08-14 20:52:00 | INFO    | [haiphong] transforming...
2026-08-14 20:52:00 | INFO    | [haiphong] loading...
2026-08-14 20:52:00 | INFO    | Upserted 24 rows.
2026-08-14 20:52:00 | INFO    | [danang] extracting...
2026-08-14 20:52:01 | INFO    | Saved: C:\AirQualityDataPJ\airquality-etl\data\raw\2026-08-11\danang_air_quality.json
2026-08-14 20:52:02 | INFO    | Saved: C:\AirQualityDataPJ\airquality-etl\data\raw\2026-08-11\danang_weather.json
2026-08-14 20:52:02 | INFO    | [danang] transforming...
2026-08-14 20:52:02 | INFO    | [danang] loading...
2026-08-14 20:52:02 | INFO    | Upserted 24 rows.
2026-08-14 20:52:02 | INFO    | [hcmc] extracting...
2026-08-14 20:52:02 | INFO    | Saved: C:\AirQualityDataPJ\airquality-etl\data\raw\2026-08-11\hcmc_air_quality.json
2026-08-14 20:52:04 | INFO    | Saved: C:\AirQualityDataPJ\airquality-etl\data\raw\2026-08-11\hcmc_weather.json
2026-08-14 20:52:04 | INFO    | [hcmc] transforming...
2026-08-14 20:52:04 | INFO    | [hcmc] loading...
2026-08-14 20:52:04 | INFO    | Upserted 24 rows.
2026-08-14 20:52:04 | INFO    | [cantho] extracting...
2026-08-14 20:52:05 | INFO    | Saved: C:\AirQualityDataPJ\airquality-etl\data\raw\2026-08-11\cantho_air_quality.json
2026-08-14 20:52:07 | INFO    | Saved: C:\AirQualityDataPJ\airquality-etl\data\raw\2026-08-11\cantho_weather.json
2026-08-14 20:52:07 | INFO    | [cantho] transforming...
2026-08-14 20:52:07 | INFO    | [cantho] loading...
2026-08-14 20:52:07 | INFO    | Upserted 24 rows.
2026-08-14 20:52:07 | INFO    | [dalat] extracting...
2026-08-14 20:52:08 | INFO    | Saved: C:\AirQualityDataPJ\airquality-etl\data\raw\2026-08-11\dalat_air_quality.json
2026-08-14 20:52:09 | INFO    | Saved: C:\AirQualityDataPJ\airquality-etl\data\raw\2026-08-11\dalat_weather.json
2026-08-14 20:52:09 | INFO    | [dalat] transforming...
2026-08-14 20:52:09 | INFO    | [dalat] loading...
2026-08-14 20:52:09 | INFO    | Upserted 24 rows.
2026-08-14 20:52:09 | INFO    | Aggregating daily layer...
2026-08-14 20:52:09 | INFO    |   Aggregated 6 daily rows for 2026-08-11
2026-08-14 20:52:09 | INFO    |   Aggregated 6 daily rows for 2026-08-12
2026-08-14 20:52:09 | INFO    | Done: 2026-08-11
2026-08-14 20:52:09 | INFO    | === Running 2026-08-12 ===
2026-08-14 20:52:09 | INFO    | [hanoi] extracting...
2026-08-14 20:52:10 | INFO    | Saved: C:\AirQualityDataPJ\airquality-etl\data\raw\2026-08-12\hanoi_air_quality.json
2026-08-14 20:52:10 | INFO    | Saved: C:\AirQualityDataPJ\airquality-etl\data\raw\2026-08-12\hanoi_weather.json
2026-08-14 20:52:10 | INFO    | [hanoi] transforming...
2026-08-14 20:52:10 | INFO    | [hanoi] loading...
2026-08-14 20:52:10 | INFO    | Upserted 24 rows.
2026-08-14 20:52:10 | INFO    | [haiphong] extracting...
2026-08-14 20:52:11 | INFO    | Saved: C:\AirQualityDataPJ\airquality-etl\data\raw\2026-08-12\haiphong_air_quality.json
2026-08-14 20:52:12 | INFO    | Saved: C:\AirQualityDataPJ\airquality-etl\data\raw\2026-08-12\haiphong_weather.json
2026-08-14 20:52:12 | INFO    | [haiphong] transforming...
2026-08-14 20:52:12 | INFO    | [haiphong] loading...
2026-08-14 20:52:12 | INFO    | Upserted 24 rows.
2026-08-14 20:52:12 | INFO    | [danang] extracting...
2026-08-14 20:52:13 | INFO    | Saved: C:\AirQualityDataPJ\airquality-etl\data\raw\2026-08-12\danang_air_quality.json
2026-08-14 20:52:14 | INFO    | Saved: C:\AirQualityDataPJ\airquality-etl\data\raw\2026-08-12\danang_weather.json
2026-08-14 20:52:14 | INFO    | [danang] transforming...
2026-08-14 20:52:14 | INFO    | [danang] loading...
2026-08-14 20:52:14 | INFO    | Upserted 24 rows.
2026-08-14 20:52:14 | INFO    | [hcmc] extracting...
2026-08-14 20:52:14 | INFO    | Saved: C:\AirQualityDataPJ\airquality-etl\data\raw\2026-08-12\hcmc_air_quality.json
2026-08-14 20:52:15 | INFO    | Saved: C:\AirQualityDataPJ\airquality-etl\data\raw\2026-08-12\hcmc_weather.json
2026-08-14 20:52:15 | INFO    | [hcmc] transforming...
2026-08-14 20:52:15 | INFO    | [hcmc] loading...
2026-08-14 20:52:15 | INFO    | Upserted 24 rows.
2026-08-14 20:52:15 | INFO    | [cantho] extracting...
2026-08-14 20:52:16 | INFO    | Saved: C:\AirQualityDataPJ\airquality-etl\data\raw\2026-08-12\cantho_air_quality.json
2026-08-14 20:52:17 | INFO    | Saved: C:\AirQualityDataPJ\airquality-etl\data\raw\2026-08-12\cantho_weather.json
2026-08-14 20:52:17 | INFO    | [cantho] transforming...
2026-08-14 20:52:17 | INFO    | [cantho] loading...
2026-08-14 20:52:17 | INFO    | Upserted 24 rows.
2026-08-14 20:52:17 | INFO    | [dalat] extracting...
2026-08-14 20:52:18 | INFO    | Saved: C:\AirQualityDataPJ\airquality-etl\data\raw\2026-08-12\dalat_air_quality.json
2026-08-14 20:52:18 | INFO    | Saved: C:\AirQualityDataPJ\airquality-etl\data\raw\2026-08-12\dalat_weather.json
2026-08-14 20:52:18 | INFO    | [dalat] transforming...
2026-08-14 20:52:18 | INFO    | [dalat] loading...
2026-08-14 20:52:18 | INFO    | Upserted 24 rows.
2026-08-14 20:52:18 | INFO    | Aggregating daily layer...
2026-08-14 20:52:18 | INFO    |   Aggregated 6 daily rows for 2026-08-12
2026-08-14 20:52:19 | INFO    |   Aggregated 6 daily rows for 2026-08-13
2026-08-14 20:52:19 | INFO    | Done: 2026-08-12
2026-08-14 20:52:19 | INFO    | === Running 2026-08-13 ===
2026-08-14 20:52:19 | INFO    | [hanoi] extracting...
2026-08-14 20:52:19 | INFO    | Saved: C:\AirQualityDataPJ\airquality-etl\data\raw\2026-08-13\hanoi_air_quality.json
2026-08-14 20:52:23 | INFO    | Saved: C:\AirQualityDataPJ\airquality-etl\data\raw\2026-08-13\hanoi_weather.json
2026-08-14 20:52:23 | INFO    | [hanoi] transforming...
2026-08-14 20:52:23 | INFO    | [hanoi] loading...
2026-08-14 20:52:23 | INFO    | Upserted 24 rows.
2026-08-14 20:52:23 | INFO    | [haiphong] extracting...
2026-08-14 20:52:24 | INFO    | Saved: C:\AirQualityDataPJ\airquality-etl\data\raw\2026-08-13\haiphong_air_quality.json
2026-08-14 20:52:26 | INFO    | Saved: C:\AirQualityDataPJ\airquality-etl\data\raw\2026-08-13\haiphong_weather.json
2026-08-14 20:52:26 | INFO    | [haiphong] transforming...
2026-08-14 20:52:26 | INFO    | [haiphong] loading...
2026-08-14 20:52:26 | INFO    | Upserted 24 rows.
2026-08-14 20:52:26 | INFO    | [danang] extracting...
2026-08-14 20:52:27 | INFO    | Saved: C:\AirQualityDataPJ\airquality-etl\data\raw\2026-08-13\danang_air_quality.json
2026-08-14 20:52:29 | INFO    | Saved: C:\AirQualityDataPJ\airquality-etl\data\raw\2026-08-13\danang_weather.json
2026-08-14 20:52:29 | INFO    | [danang] transforming...
2026-08-14 20:52:29 | INFO    | [danang] loading...
2026-08-14 20:52:29 | INFO    | Upserted 24 rows.
2026-08-14 20:52:29 | INFO    | [hcmc] extracting...
2026-08-14 20:52:30 | INFO    | Saved: C:\AirQualityDataPJ\airquality-etl\data\raw\2026-08-13\hcmc_air_quality.json
2026-08-14 20:52:35 | INFO    | Saved: C:\AirQualityDataPJ\airquality-etl\data\raw\2026-08-13\hcmc_weather.json
2026-08-14 20:52:35 | INFO    | [hcmc] transforming...
2026-08-14 20:52:35 | INFO    | [hcmc] loading...
2026-08-14 20:52:35 | INFO    | Upserted 24 rows.
2026-08-14 20:52:35 | INFO    | [cantho] extracting...
2026-08-14 20:52:36 | INFO    | Saved: C:\AirQualityDataPJ\airquality-etl\data\raw\2026-08-13\cantho_air_quality.json
2026-08-14 20:52:36 | INFO    | Saved: C:\AirQualityDataPJ\airquality-etl\data\raw\2026-08-13\cantho_weather.json
2026-08-14 20:52:36 | INFO    | [cantho] transforming...
2026-08-14 20:52:37 | INFO    | [cantho] loading...
2026-08-14 20:52:37 | INFO    | Upserted 24 rows.
2026-08-14 20:52:37 | INFO    | [dalat] extracting...
2026-08-14 20:52:37 | INFO    | Saved: C:\AirQualityDataPJ\airquality-etl\data\raw\2026-08-13\dalat_air_quality.json
2026-08-14 20:52:38 | INFO    | Saved: C:\AirQualityDataPJ\airquality-etl\data\raw\2026-08-13\dalat_weather.json
2026-08-14 20:52:38 | INFO    | [dalat] transforming...
2026-08-14 20:52:38 | INFO    | [dalat] loading...
2026-08-14 20:52:38 | INFO    | Upserted 24 rows.
2026-08-14 20:52:38 | INFO    | Aggregating daily layer...
2026-08-14 20:52:38 | INFO    |   Aggregated 6 daily rows for 2026-08-13
2026-08-14 20:52:38 | INFO    |   Aggregated 6 daily rows for 2026-08-14
2026-08-14 20:52:38 | INFO    | Done: 2026-08-13
2026-08-14 20:53:19 | INFO    | [hanoi] extracting...
2026-08-14 20:53:20 | INFO    | Saved: C:\AirQualityDataPJ\airquality-etl\data\raw\2026-08-13\hanoi_air_quality.json
2026-08-14 20:53:21 | INFO    | Saved: C:\AirQualityDataPJ\airquality-etl\data\raw\2026-08-13\hanoi_weather.json
2026-08-14 20:53:21 | INFO    | [hanoi] transforming...
2026-08-14 20:53:21 | INFO    | [hanoi] loading...
2026-08-14 20:53:21 | INFO    | Upserted 24 rows.
2026-08-14 20:53:21 | INFO    | [haiphong] extracting...
2026-08-14 20:53:22 | INFO    | Saved: C:\AirQualityDataPJ\airquality-etl\data\raw\2026-08-13\haiphong_air_quality.json
2026-08-14 20:53:22 | INFO    | Saved: C:\AirQualityDataPJ\airquality-etl\data\raw\2026-08-13\haiphong_weather.json
2026-08-14 20:53:22 | INFO    | [haiphong] transforming...
2026-08-14 20:53:22 | INFO    | [haiphong] loading...
2026-08-14 20:53:22 | INFO    | Upserted 24 rows.
2026-08-14 20:53:22 | INFO    | [danang] extracting...
2026-08-14 20:53:23 | INFO    | Saved: C:\AirQualityDataPJ\airquality-etl\data\raw\2026-08-13\danang_air_quality.json
2026-08-14 20:53:24 | INFO    | Saved: C:\AirQualityDataPJ\airquality-etl\data\raw\2026-08-13\danang_weather.json
2026-08-14 20:53:24 | INFO    | [danang] transforming...
2026-08-14 20:53:24 | INFO    | [danang] loading...
2026-08-14 20:53:24 | INFO    | Upserted 24 rows.
2026-08-14 20:53:24 | INFO    | [hcmc] extracting...
2026-08-14 20:53:25 | INFO    | Saved: C:\AirQualityDataPJ\airquality-etl\data\raw\2026-08-13\hcmc_air_quality.json
2026-08-14 20:53:25 | INFO    | Saved: C:\AirQualityDataPJ\airquality-etl\data\raw\2026-08-13\hcmc_weather.json
2026-08-14 20:53:25 | INFO    | [hcmc] transforming...
2026-08-14 20:53:26 | INFO    | [hcmc] loading...
2026-08-14 20:53:26 | INFO    | Upserted 24 rows.
2026-08-14 20:53:26 | INFO    | [cantho] extracting...
2026-08-14 20:53:26 | INFO    | Saved: C:\AirQualityDataPJ\airquality-etl\data\raw\2026-08-13\cantho_air_quality.json
2026-08-14 20:53:27 | INFO    | Saved: C:\AirQualityDataPJ\airquality-etl\data\raw\2026-08-13\cantho_weather.json
2026-08-14 20:53:27 | INFO    | [cantho] transforming...
2026-08-14 20:53:27 | INFO    | [cantho] loading...
2026-08-14 20:53:27 | INFO    | Upserted 24 rows.
2026-08-14 20:53:27 | INFO    | [dalat] extracting...
2026-08-14 20:53:28 | INFO    | Saved: C:\AirQualityDataPJ\airquality-etl\data\raw\2026-08-13\dalat_air_quality.json
2026-08-14 20:53:29 | INFO    | Saved: C:\AirQualityDataPJ\airquality-etl\data\raw\2026-08-13\dalat_weather.json
2026-08-14 20:53:29 | INFO    | [dalat] transforming...
2026-08-14 20:53:29 | INFO    | [dalat] loading...
2026-08-14 20:53:29 | INFO    | Upserted 24 rows.
2026-08-14 20:53:29 | INFO    | Aggregating daily layer...
2026-08-14 20:53:29 | INFO    |   Aggregated 6 daily rows for 2026-08-13
2026-08-14 20:53:29 | INFO    |   Aggregated 6 daily rows for 2026-08-14
2026-08-14 20:53:29 | INFO    | Done: 2026-08-13
